ARM Linker, 5.03 [Build 76] [MDK-ARM Lite]

==============================================================================

Section Cross References

    startup_tm4c123.o(STACK) refers (Special) to heapauxi.o(.text) for __use_two_region_memory
    startup_tm4c123.o(HEAP) refers (Special) to heapauxi.o(.text) for __use_two_region_memory
    startup_tm4c123.o(RESET) refers (Special) to heapauxi.o(.text) for __use_two_region_memory
    startup_tm4c123.o(RESET) refers to startup_tm4c123.o(STACK) for __initial_sp
    startup_tm4c123.o(RESET) refers to startup_tm4c123.o(.text) for Reset_Handler
    startup_tm4c123.o(.text) refers (Special) to heapauxi.o(.text) for __use_two_region_memory
    startup_tm4c123.o(.text) refers to main.o(.text) for SystemInit
    startup_tm4c123.o(.text) refers to __main.o(!!!main) for __main
    startup_tm4c123.o(.text) refers to startup_tm4c123.o(HEAP) for Heap_Mem
    startup_tm4c123.o(.text) refers to startup_tm4c123.o(STACK) for Stack_Mem
    main.o(.text) refers to kaypad.o(.text) for keypad_init
    main.o(.text) refers to uart.o(.text) for UART_Init
    main.o(.text) refers to gpio.o(.text) for pinMode
    main.o(.text) refers to atoi.o(.text) for atoi
    gpio.o(.text) refers to assert.o(.text) for __aeabi_assert
    kaypad.o(.text) refers to gpio.o(.text) for pinMode
    uart.o(.text) refers to fflt_clz.o(x$fpl$ffltu) for __aeabi_ui2f
    uart.o(.text) refers to faddsub_clz.o(x$fpl$frsb) for __aeabi_frsub
    uart.o(.text) refers to fmul.o(x$fpl$fmul) for __aeabi_fmul
    uart.o(.text) refers to f2d.o(x$fpl$f2d) for __aeabi_f2d
    uart.o(.text) refers to daddsub_clz.o(x$fpl$dadd) for __aeabi_dadd
    uart.o(.text) refers to dfix.o(x$fpl$dfix) for __aeabi_d2iz
    atoi.o(.text) refers to rt_errno_addr_intlibspace.o(.text) for __aeabi_errno_addr
    atoi.o(.text) refers to strtol.o(.text) for strtol
    assert.o(.text) refers to assert_puts.o(.text) for __assert_puts
    assert.o(.text) refers to abort.o(.text) for abort
    __main.o(!!!main) refers to rtentry.o(.ARM.Collect$$rtentry$$00000000) for __rt_entry
    daddsub_clz.o(x$fpl$dadd) refers (Special) to usenofp.o(x$fpl$usenofp) for __I$use$fp
    daddsub_clz.o(x$fpl$dadd) refers to daddsub_clz.o(x$fpl$dsub) for _dsub1
    daddsub_clz.o(x$fpl$dadd) refers to dretinf.o(x$fpl$dretinf) for __fpl_dretinf
    daddsub_clz.o(x$fpl$dadd) refers to dnaninf.o(x$fpl$dnaninf) for __fpl_dnaninf
    daddsub_clz.o(x$fpl$drsb) refers (Special) to usenofp.o(x$fpl$usenofp) for __I$use$fp
    daddsub_clz.o(x$fpl$drsb) refers to daddsub_clz.o(x$fpl$dadd) for _dadd1
    daddsub_clz.o(x$fpl$drsb) refers to daddsub_clz.o(x$fpl$dsub) for _dsub1
    daddsub_clz.o(x$fpl$dsub) refers (Special) to usenofp.o(x$fpl$usenofp) for __I$use$fp
    daddsub_clz.o(x$fpl$dsub) refers to daddsub_clz.o(x$fpl$dadd) for _dadd1
    daddsub_clz.o(x$fpl$dsub) refers to dnaninf.o(x$fpl$dnaninf) for __fpl_dnaninf
    dfix.o(x$fpl$dfix) refers (Special) to usenofp.o(x$fpl$usenofp) for __I$use$fp
    dfix.o(x$fpl$dfix) refers to dnaninf.o(x$fpl$dnaninf) for __fpl_dnaninf
    dfix.o(x$fpl$dfixr) refers (Special) to usenofp.o(x$fpl$usenofp) for __I$use$fp
    dfix.o(x$fpl$dfixr) refers to dnaninf.o(x$fpl$dnaninf) for __fpl_dnaninf
    f2d.o(x$fpl$f2d) refers (Special) to usenofp.o(x$fpl$usenofp) for __I$use$fp
    f2d.o(x$fpl$f2d) refers to fnaninf.o(x$fpl$fnaninf) for __fpl_fnaninf
    f2d.o(x$fpl$f2d) refers to dretinf.o(x$fpl$dretinf) for __fpl_dretinf
    faddsub_clz.o(x$fpl$fadd) refers (Special) to usenofp.o(x$fpl$usenofp) for __I$use$fp
    faddsub_clz.o(x$fpl$fadd) refers to faddsub_clz.o(x$fpl$fsub) for _fsub1
    faddsub_clz.o(x$fpl$fadd) refers to fretinf.o(x$fpl$fretinf) for __fpl_fretinf
    faddsub_clz.o(x$fpl$fadd) refers to fnaninf.o(x$fpl$fnaninf) for __fpl_fnaninf
    faddsub_clz.o(x$fpl$frsb) refers (Special) to usenofp.o(x$fpl$usenofp) for __I$use$fp
    faddsub_clz.o(x$fpl$frsb) refers to faddsub_clz.o(x$fpl$fadd) for _fadd1
    faddsub_clz.o(x$fpl$frsb) refers to faddsub_clz.o(x$fpl$fsub) for _fsub1
    faddsub_clz.o(x$fpl$fsub) refers (Special) to usenofp.o(x$fpl$usenofp) for __I$use$fp
    faddsub_clz.o(x$fpl$fsub) refers to faddsub_clz.o(x$fpl$fadd) for _fadd1
    faddsub_clz.o(x$fpl$fsub) refers to fnaninf.o(x$fpl$fnaninf) for __fpl_fnaninf
    fflt_clz.o(x$fpl$ffltu) refers (Special) to usenofp.o(x$fpl$usenofp) for __I$use$fp
    fflt_clz.o(x$fpl$fflt) refers (Special) to usenofp.o(x$fpl$usenofp) for __I$use$fp
    fflt_clz.o(x$fpl$ffltn) refers (Special) to usenofp.o(x$fpl$usenofp) for __I$use$fp
    fmul.o(x$fpl$fmul) refers (Special) to usenofp.o(x$fpl$usenofp) for __I$use$fp
    fmul.o(x$fpl$fmul) refers to fretinf.o(x$fpl$fretinf) for __fpl_fretinf
    fmul.o(x$fpl$fmul) refers to fnaninf.o(x$fpl$fnaninf) for __fpl_fnaninf
    rtentry.o(.ARM.Collect$$rtentry$$00000000) refers (Special) to rtentry2.o(.ARM.Collect$$rtentry$$0000000A) for __rt_entry_li
    rtentry.o(.ARM.Collect$$rtentry$$00000000) refers (Special) to rtentry2.o(.ARM.Collect$$rtentry$$0000000D) for __rt_entry_main
    rtentry.o(.ARM.Collect$$rtentry$$00000000) refers (Special) to rtentry2.o(.ARM.Collect$$rtentry$$0000000C) for __rt_entry_postli_1
    rtentry.o(.ARM.Collect$$rtentry$$00000000) refers (Special) to rtentry2.o(.ARM.Collect$$rtentry$$00000009) for __rt_entry_postsh_1
    rtentry.o(.ARM.Collect$$rtentry$$00000000) refers (Special) to rtentry2.o(.ARM.Collect$$rtentry$$00000002) for __rt_entry_presh_1
    rtentry.o(.ARM.Collect$$rtentry$$00000000) refers (Special) to rtentry4.o(.ARM.Collect$$rtentry$$00000004) for __rt_entry_sh
    rt_errno_addr.o(.text) refers to rt_errno_addr.o(.bss) for __aeabi_errno_addr_data
    rt_errno_addr_intlibspace.o(.text) refers to libspace.o(.bss) for __libspace_start
    strtol.o(.text) refers to rt_ctype_table.o(.text) for __rt_ctype_table
    strtol.o(.text) refers to _strtoul.o(.text) for _strtoul
    strtol.o(.text) refers to rt_errno_addr_intlibspace.o(.text) for __aeabi_errno_addr
    abort.o(.text) refers to defsig_abrt_outer.o(.text) for __rt_SIGABRT
    abort.o(.text) refers (Weak) to libshutdown.o(.ARM.Collect$$libshutdown$$00000000) for __rt_lib_shutdown
    abort.o(.text) refers to sys_exit.o(.text) for _sys_exit
    assert_puts.o(.text) refers to sys_wrch.o(.text) for _ttywrch
    dnaninf.o(x$fpl$dnaninf) refers (Special) to usenofp.o(x$fpl$usenofp) for __I$use$fp
    dretinf.o(x$fpl$dretinf) refers (Special) to usenofp.o(x$fpl$usenofp) for __I$use$fp
    fnaninf.o(x$fpl$fnaninf) refers (Special) to usenofp.o(x$fpl$usenofp) for __I$use$fp
    fretinf.o(x$fpl$fretinf) refers (Special) to usenofp.o(x$fpl$usenofp) for __I$use$fp
    sys_wrch.o(.text) refers (Special) to use_no_semi.o(.text) for __I$use$semihosting
    sys_wrch.o(.text) refers (Special) to indicate_semi.o(.text) for __semihosting_library_function
    sys_exit.o(.text) refers (Special) to use_no_semi.o(.text) for __I$use$semihosting
    sys_exit.o(.text) refers (Special) to indicate_semi.o(.text) for __semihosting_library_function
    libspace.o(.text) refers to libspace.o(.bss) for __libspace_start
    rtentry2.o(.ARM.Collect$$rtentry$$00000008) refers to boardinit2.o(.text) for _platform_post_stackheap_init
    rtentry2.o(.ARM.Collect$$rtentry$$0000000A) refers to libinit.o(.ARM.Collect$$libinit$$00000000) for __rt_lib_init
    rtentry2.o(.ARM.Collect$$rtentry$$0000000B) refers to boardinit3.o(.text) for _platform_post_lib_init
    rtentry2.o(.ARM.Collect$$rtentry$$0000000D) refers to main.o(.text) for main
    rtentry2.o(.ARM.Collect$$rtentry$$0000000D) refers to exit.o(.text) for exit
    rtentry2.o(.ARM.exidx) refers to rtentry2.o(.ARM.Collect$$rtentry$$00000001) for .ARM.Collect$$rtentry$$00000001
    rtentry2.o(.ARM.exidx) refers to rtentry2.o(.ARM.Collect$$rtentry$$00000008) for .ARM.Collect$$rtentry$$00000008
    rtentry2.o(.ARM.exidx) refers to rtentry2.o(.ARM.Collect$$rtentry$$0000000A) for .ARM.Collect$$rtentry$$0000000A
    rtentry2.o(.ARM.exidx) refers to rtentry2.o(.ARM.Collect$$rtentry$$0000000B) for .ARM.Collect$$rtentry$$0000000B
    rtentry2.o(.ARM.exidx) refers to rtentry2.o(.ARM.Collect$$rtentry$$0000000D) for .ARM.Collect$$rtentry$$0000000D
    rtentry4.o(.ARM.Collect$$rtentry$$00000004) refers to sys_stackheap_outer.o(.text) for __user_setup_stackheap
    rtentry4.o(.ARM.exidx) refers to rtentry4.o(.ARM.Collect$$rtentry$$00000004) for .ARM.Collect$$rtentry$$00000004
    rt_ctype_table.o(.text) refers to rt_locale_intlibspace.o(.text) for __rt_locale
    rt_ctype_table.o(.text) refers to lc_ctype_c.o(locale$$code) for _get_lc_ctype
    _strtoul.o(.text) refers to _chval.o(.text) for _chval
    _strtoul.o(.text) refers to rt_errno_addr_intlibspace.o(.text) for __aeabi_errno_addr
    defsig_abrt_outer.o(.text) refers to defsig_abrt_inner.o(.text) for __rt_SIGABRT_inner
    defsig_abrt_outer.o(.text) refers to defsig_exit.o(.text) for __sig_exit
    defsig_abrt_formal.o(.text) refers to rt_raise.o(.text) for __rt_raise
    sys_stackheap_outer.o(.text) refers to libspace.o(.text) for __user_perproc_libspace
    sys_stackheap_outer.o(.text) refers to startup_tm4c123.o(.text) for __user_initial_stackheap
    rt_raise.o(.text) refers to __raise.o(.text) for __raise
    rt_raise.o(.text) refers to sys_exit.o(.text) for _sys_exit
    rt_locale.o(.text) refers to rt_locale.o(.bss) for __rt_locale_data
    rt_locale_intlibspace.o(.text) refers to libspace.o(.bss) for __libspace_start
    lc_ctype_c.o(locale$$data) refers (Special) to libinit2.o(.ARM.Collect$$libinit$$00000010) for __rt_lib_init_lc_ctype_2
    lc_ctype_c.o(locale$$code) refers (Special) to libinit2.o(.ARM.Collect$$libinit$$00000010) for __rt_lib_init_lc_ctype_2
    lc_ctype_c.o(locale$$code) refers to strcmpv7m.o(.text) for strcmp
    lc_ctype_c.o(locale$$code) refers to lc_ctype_c.o(locale$$data) for __lcctype_c_name
    exit.o(.text) refers to rtexit.o(.ARM.Collect$$rtexit$$00000000) for __rt_exit
    defsig_exit.o(.text) refers to sys_exit.o(.text) for _sys_exit
    defsig_abrt_inner.o(.text) refers to defsig_general.o(.text) for __default_signal_display
    libinit.o(.ARM.Collect$$libinit$$00000000) refers (Special) to libinit2.o(.ARM.Collect$$libinit$$0000002C) for __rt_lib_init_alloca_1
    libinit.o(.ARM.Collect$$libinit$$00000000) refers (Special) to libinit2.o(.ARM.Collect$$libinit$$0000002A) for __rt_lib_init_argv_1
    libinit.o(.ARM.Collect$$libinit$$00000000) refers (Special) to libinit2.o(.ARM.Collect$$libinit$$00000019) for __rt_lib_init_atexit_1
    libinit.o(.ARM.Collect$$libinit$$00000000) refers (Special) to libinit2.o(.ARM.Collect$$libinit$$0000001F) for __rt_lib_init_clock_1
    libinit.o(.ARM.Collect$$libinit$$00000000) refers (Special) to libinit2.o(.ARM.Collect$$libinit$$00000030) for __rt_lib_init_cpp_1
    libinit.o(.ARM.Collect$$libinit$$00000000) refers (Special) to libinit2.o(.ARM.Collect$$libinit$$0000002E) for __rt_lib_init_exceptions_1
    libinit.o(.ARM.Collect$$libinit$$00000000) refers (Special) to libinit2.o(.ARM.Collect$$libinit$$00000002) for __rt_lib_init_fp_1
    libinit.o(.ARM.Collect$$libinit$$00000000) refers (Special) to libinit2.o(.ARM.Collect$$libinit$$0000001D) for __rt_lib_init_fp_trap_1
    libinit.o(.ARM.Collect$$libinit$$00000000) refers (Special) to libinit2.o(.ARM.Collect$$libinit$$00000021) for __rt_lib_init_getenv_1
    libinit.o(.ARM.Collect$$libinit$$00000000) refers (Special) to libinit2.o(.ARM.Collect$$libinit$$00000008) for __rt_lib_init_heap_1
    libinit.o(.ARM.Collect$$libinit$$00000000) refers (Special) to libinit2.o(.ARM.Collect$$libinit$$0000000F) for __rt_lib_init_lc_collate_1
    libinit.o(.ARM.Collect$$libinit$$00000000) refers (Special) to libinit2.o(.ARM.Collect$$libinit$$00000011) for __rt_lib_init_lc_ctype_1
    libinit.o(.ARM.Collect$$libinit$$00000000) refers (Special) to libinit2.o(.ARM.Collect$$libinit$$00000013) for __rt_lib_init_lc_monetary_1
    libinit.o(.ARM.Collect$$libinit$$00000000) refers (Special) to libinit2.o(.ARM.Collect$$libinit$$00000015) for __rt_lib_init_lc_numeric_1
    libinit.o(.ARM.Collect$$libinit$$00000000) refers (Special) to libinit2.o(.ARM.Collect$$libinit$$00000017) for __rt_lib_init_lc_time_1
    libinit.o(.ARM.Collect$$libinit$$00000000) refers (Special) to libinit2.o(.ARM.Collect$$libinit$$0000000C) for __rt_lib_init_rand_1
    libinit.o(.ARM.Collect$$libinit$$00000000) refers (Special) to libinit2.o(.ARM.Collect$$libinit$$00000031) for __rt_lib_init_return
    libinit.o(.ARM.Collect$$libinit$$00000000) refers (Special) to libinit2.o(.ARM.Collect$$libinit$$0000001B) for __rt_lib_init_signal_1
    libinit.o(.ARM.Collect$$libinit$$00000000) refers (Special) to libinit2.o(.ARM.Collect$$libinit$$00000023) for __rt_lib_init_stdio_1
    libinit.o(.ARM.Collect$$libinit$$00000000) refers (Special) to libinit2.o(.ARM.Collect$$libinit$$0000000A) for __rt_lib_init_user_alloc_1
    rtexit.o(.ARM.Collect$$rtexit$$00000000) refers (Special) to rtexit2.o(.ARM.Collect$$rtexit$$00000004) for __rt_exit_exit
    rtexit.o(.ARM.Collect$$rtexit$$00000000) refers (Special) to rtexit2.o(.ARM.Collect$$rtexit$$00000003) for __rt_exit_ls
    rtexit.o(.ARM.Collect$$rtexit$$00000000) refers (Special) to rtexit2.o(.ARM.Collect$$rtexit$$00000002) for __rt_exit_prels_1
    rtexit.o(.ARM.exidx) refers (Special) to rtexit2.o(.ARM.Collect$$rtexit$$00000004) for __rt_exit_exit
    rtexit.o(.ARM.exidx) refers (Special) to rtexit2.o(.ARM.Collect$$rtexit$$00000003) for __rt_exit_ls
    rtexit.o(.ARM.exidx) refers (Special) to rtexit2.o(.ARM.Collect$$rtexit$$00000002) for __rt_exit_prels_1
    rtexit.o(.ARM.exidx) refers to rtexit.o(.ARM.Collect$$rtexit$$00000000) for .ARM.Collect$$rtexit$$00000000
    __raise.o(.text) refers to defsig.o(CL$$defsig) for __default_signal_handler
    defsig_general.o(.text) refers to sys_wrch.o(.text) for _ttywrch
    libinit2.o(.ARM.Collect$$libinit$$0000000D) refers (Weak) to rt_locale_intlibspace.o(.text) for __rt_locale
    libinit2.o(.ARM.Collect$$libinit$$0000000E) refers to libinit2.o(.ARM.Collect$$libinit$$0000000D) for .ARM.Collect$$libinit$$0000000D
    libinit2.o(.ARM.Collect$$libinit$$00000010) refers to libinit2.o(.ARM.Collect$$libinit$$0000000D) for .ARM.Collect$$libinit$$0000000D
    libinit2.o(.ARM.Collect$$libinit$$00000010) refers (Weak) to lc_ctype_c.o(locale$$code) for _get_lc_ctype
    libinit2.o(.ARM.Collect$$libinit$$00000012) refers to libinit2.o(.ARM.Collect$$libinit$$0000000D) for .ARM.Collect$$libinit$$0000000D
    libinit2.o(.ARM.Collect$$libinit$$00000014) refers to libinit2.o(.ARM.Collect$$libinit$$0000000D) for .ARM.Collect$$libinit$$0000000D
    libinit2.o(.ARM.Collect$$libinit$$00000016) refers to libinit2.o(.ARM.Collect$$libinit$$0000000D) for .ARM.Collect$$libinit$$0000000D
    libinit2.o(.ARM.Collect$$libinit$$00000024) refers to argv_veneer.o(.emb_text) for __ARM_argv_veneer
    libinit2.o(.ARM.Collect$$libinit$$00000025) refers to argv_veneer.o(.emb_text) for __ARM_argv_veneer
    rtexit2.o(.ARM.Collect$$rtexit$$00000003) refers to libshutdown.o(.ARM.Collect$$libshutdown$$00000000) for __rt_lib_shutdown
    rtexit2.o(.ARM.Collect$$rtexit$$00000004) refers to sys_exit.o(.text) for _sys_exit
    rtexit2.o(.ARM.exidx) refers to rtexit2.o(.ARM.Collect$$rtexit$$00000001) for .ARM.Collect$$rtexit$$00000001
    rtexit2.o(.ARM.exidx) refers to rtexit2.o(.ARM.Collect$$rtexit$$00000003) for .ARM.Collect$$rtexit$$00000003
    rtexit2.o(.ARM.exidx) refers to rtexit2.o(.ARM.Collect$$rtexit$$00000004) for .ARM.Collect$$rtexit$$00000004
    defsig.o(CL$$defsig) refers to defsig_abrt_inner.o(.text) for __rt_SIGABRT_inner
    defsig.o(CL$$defsig) refers to defsig_rtmem_inner.o(.text) for __rt_SIGRTMEM_inner
    argv_veneer.o(.emb_text) refers to no_argv.o(.text) for __ARM_get_argv
    defsig_fpe_inner.o(.text) refers to defsig_general.o(.text) for __default_signal_display
    defsig_rtred_inner.o(.text) refers to defsig_general.o(.text) for __default_signal_display
    defsig_rtmem_inner.o(.text) refers to defsig_general.o(.text) for __default_signal_display
    defsig_stak_inner.o(.text) refers to defsig_general.o(.text) for __default_signal_display
    defsig_pvfn_inner.o(.text) refers to defsig_general.o(.text) for __default_signal_display
    defsig_cppl_inner.o(.text) refers to defsig_general.o(.text) for __default_signal_display
    defsig_segv_inner.o(.text) refers to defsig_general.o(.text) for __default_signal_display
    defsig_other.o(.text) refers to defsig_general.o(.text) for __default_signal_display
    _get_argv_nomalloc.o(.text) refers (Special) to hrguard.o(.text) for __heap_region$guard
    _get_argv_nomalloc.o(.text) refers to defsig_rtmem_outer.o(.text) for __rt_SIGRTMEM
    _get_argv_nomalloc.o(.text) refers to sys_command.o(.text) for _sys_command_string
    libshutdown.o(.ARM.Collect$$libshutdown$$00000000) refers (Special) to libshutdown2.o(.ARM.Collect$$libshutdown$$00000006) for __rt_lib_shutdown_fp_trap_1
    libshutdown.o(.ARM.Collect$$libshutdown$$00000000) refers (Special) to libshutdown2.o(.ARM.Collect$$libshutdown$$0000000E) for __rt_lib_shutdown_heap_1
    libshutdown.o(.ARM.Collect$$libshutdown$$00000000) refers (Special) to libshutdown2.o(.ARM.Collect$$libshutdown$$0000000F) for __rt_lib_shutdown_return
    libshutdown.o(.ARM.Collect$$libshutdown$$00000000) refers (Special) to libshutdown2.o(.ARM.Collect$$libshutdown$$00000009) for __rt_lib_shutdown_signal_1
    libshutdown.o(.ARM.Collect$$libshutdown$$00000000) refers (Special) to libshutdown2.o(.ARM.Collect$$libshutdown$$00000003) for __rt_lib_shutdown_stdio_1
    libshutdown.o(.ARM.Collect$$libshutdown$$00000000) refers (Special) to libshutdown2.o(.ARM.Collect$$libshutdown$$0000000B) for __rt_lib_shutdown_user_alloc_1
    sys_command.o(.text) refers (Special) to use_no_semi.o(.text) for __I$use$semihosting
    sys_command.o(.text) refers (Special) to indicate_semi.o(.text) for __semihosting_library_function
    defsig_rtmem_outer.o(.text) refers to defsig_rtmem_inner.o(.text) for __rt_SIGRTMEM_inner
    defsig_rtmem_outer.o(.text) refers to defsig_exit.o(.text) for __sig_exit
    defsig_rtmem_formal.o(.text) refers to rt_raise.o(.text) for __rt_raise


==============================================================================

Image Symbol Table

    Local Symbols

    Symbol Name                              Value     Ov Type        Size  Object(Section)

    RESET                                    0x00000000   Section      620  startup_tm4c123.o(RESET)
    ../clib/angel/boardlib.s                 0x00000000   Number         0  boardinit3.o ABSOLUTE
    ../clib/angel/boardlib.s                 0x00000000   Number         0  boardshut.o ABSOLUTE
    ../clib/angel/boardlib.s                 0x00000000   Number         0  boardinit1.o ABSOLUTE
    ../clib/angel/boardlib.s                 0x00000000   Number         0  boardinit2.o ABSOLUTE
    ../clib/angel/handlers.s                 0x00000000   Number         0  __scatter_zi.o ABSOLUTE
    ../clib/angel/kernel.s                   0x00000000   Number         0  rtexit2.o ABSOLUTE
    ../clib/angel/kernel.s                   0x00000000   Number         0  rtentry.o ABSOLUTE
    ../clib/angel/kernel.s                   0x00000000   Number         0  rtentry4.o ABSOLUTE
    ../clib/angel/kernel.s                   0x00000000   Number         0  rtentry2.o ABSOLUTE
    ../clib/angel/kernel.s                   0x00000000   Number         0  rtexit.o ABSOLUTE
    ../clib/angel/rt.s                       0x00000000   Number         0  rt_locale.o ABSOLUTE
    ../clib/angel/rt.s                       0x00000000   Number         0  rt_raise.o ABSOLUTE
    ../clib/angel/rt.s                       0x00000000   Number         0  rt_locale_intlibspace.o ABSOLUTE
    ../clib/angel/rt.s                       0x00000000   Number         0  rt_errno_addr.o ABSOLUTE
    ../clib/angel/rt.s                       0x00000000   Number         0  rt_errno_addr_intlibspace.o ABSOLUTE
    ../clib/angel/rt.s                       0x00000000   Number         0  rt_ctype_table.o ABSOLUTE
    ../clib/angel/scatter.s                  0x00000000   Number         0  __scatter.o ABSOLUTE
    ../clib/angel/startup.s                  0x00000000   Number         0  __main.o ABSOLUTE
    ../clib/angel/sys.s                      0x00000000   Number         0  use_no_semi.o ABSOLUTE
    ../clib/angel/sys.s                      0x00000000   Number         0  sys_stackheap_outer.o ABSOLUTE
    ../clib/angel/sys.s                      0x00000000   Number         0  indicate_semi.o ABSOLUTE
    ../clib/angel/sys.s                      0x00000000   Number         0  libspace.o ABSOLUTE
    ../clib/angel/sysapp.c                   0x00000000   Number         0  sys_exit.o ABSOLUTE
    ../clib/angel/sysapp.c                   0x00000000   Number         0  sys_command.o ABSOLUTE
    ../clib/angel/sysapp.c                   0x00000000   Number         0  sys_wrch.o ABSOLUTE
    ../clib/armsys.c                         0x00000000   Number         0  _get_argv_nomalloc.o ABSOLUTE
    ../clib/armsys.c                         0x00000000   Number         0  argv_veneer.o ABSOLUTE
    ../clib/armsys.c                         0x00000000   Number         0  no_argv.o ABSOLUTE
    ../clib/armsys.c                         0x00000000   Number         0  argv_veneer.o ABSOLUTE
    ../clib/assert.c                         0x00000000   Number         0  assert_puts.o ABSOLUTE
    ../clib/assert.c                         0x00000000   Number         0  assert.o ABSOLUTE
    ../clib/heapalloc.c                      0x00000000   Number         0  hrguard.o ABSOLUTE
    ../clib/heapaux.c                        0x00000000   Number         0  heapauxi.o ABSOLUTE
    ../clib/libinit.s                        0x00000000   Number         0  libshutdown.o ABSOLUTE
    ../clib/libinit.s                        0x00000000   Number         0  libinit2.o ABSOLUTE
    ../clib/libinit.s                        0x00000000   Number         0  libinit.o ABSOLUTE
    ../clib/libinit.s                        0x00000000   Number         0  libshutdown2.o ABSOLUTE
    ../clib/locale.s                         0x00000000   Number         0  lc_ctype_c.o ABSOLUTE
    ../clib/memcpset.s                       0x00000000   Number         0  strcmpv7m.o ABSOLUTE
    ../clib/scanf.c                          0x00000000   Number         0  _strtoul.o ABSOLUTE
    ../clib/scanf.c                          0x00000000   Number         0  atoi.o ABSOLUTE
    ../clib/scanf.c                          0x00000000   Number         0  _chval.o ABSOLUTE
    ../clib/scanf.c                          0x00000000   Number         0  strtol.o ABSOLUTE
    ../clib/signal.c                         0x00000000   Number         0  defsig_abrt_outer.o ABSOLUTE
    ../clib/signal.c                         0x00000000   Number         0  defsig_abrt_formal.o ABSOLUTE
    ../clib/signal.c                         0x00000000   Number         0  defsig_general.o ABSOLUTE
    ../clib/signal.c                         0x00000000   Number         0  defsig_rtred_inner.o ABSOLUTE
    ../clib/signal.c                         0x00000000   Number         0  defsig_fpe_inner.o ABSOLUTE
    ../clib/signal.c                         0x00000000   Number         0  defsig_rtmem_inner.o ABSOLUTE
    ../clib/signal.c                         0x00000000   Number         0  defsig_stak_inner.o ABSOLUTE
    ../clib/signal.c                         0x00000000   Number         0  defsig_cppl_inner.o ABSOLUTE
    ../clib/signal.c                         0x00000000   Number         0  __raise.o ABSOLUTE
    ../clib/signal.c                         0x00000000   Number         0  defsig_rtmem_outer.o ABSOLUTE
    ../clib/signal.c                         0x00000000   Number         0  defsig_exit.o ABSOLUTE
    ../clib/signal.c                         0x00000000   Number         0  defsig_rtmem_formal.o ABSOLUTE
    ../clib/signal.c                         0x00000000   Number         0  defsig_abrt_inner.o ABSOLUTE
    ../clib/signal.c                         0x00000000   Number         0  defsig_segv_inner.o ABSOLUTE
    ../clib/signal.c                         0x00000000   Number         0  defsig_pvfn_inner.o ABSOLUTE
    ../clib/signal.c                         0x00000000   Number         0  defsig_other.o ABSOLUTE
    ../clib/signal.s                         0x00000000   Number         0  defsig.o ABSOLUTE
    ../clib/stdlib.c                         0x00000000   Number         0  abort.o ABSOLUTE
    ../clib/stdlib.c                         0x00000000   Number         0  exit.o ABSOLUTE
    ../fplib/daddsub.s                       0x00000000   Number         0  daddsub_clz.o ABSOLUTE
    ../fplib/dfix.s                          0x00000000   Number         0  dfix.o ABSOLUTE
    ../fplib/dnaninf.s                       0x00000000   Number         0  dnaninf.o ABSOLUTE
    ../fplib/dretinf.s                       0x00000000   Number         0  dretinf.o ABSOLUTE
    ../fplib/f2d.s                           0x00000000   Number         0  f2d.o ABSOLUTE
    ../fplib/faddsub.s                       0x00000000   Number         0  faddsub_clz.o ABSOLUTE
    ../fplib/fflt.s                          0x00000000   Number         0  fflt_clz.o ABSOLUTE
    ../fplib/fmul.s                          0x00000000   Number         0  fmul.o ABSOLUTE
    ../fplib/fnaninf.s                       0x00000000   Number         0  fnaninf.o ABSOLUTE
    ../fplib/fpinit.s                        0x00000000   Number         0  fpinit.o ABSOLUTE
    ../fplib/fretinf.s                       0x00000000   Number         0  fretinf.o ABSOLUTE
    ../fplib/usenofp.s                       0x00000000   Number         0  usenofp.o ABSOLUTE
    GPIO.c                                   0x00000000   Number         0  gpio.o ABSOLUTE
    KayPad.c                                 0x00000000   Number         0  kaypad.o ABSOLUTE
    UART.c                                   0x00000000   Number         0  uart.o ABSOLUTE
    dc.s                                     0x00000000   Number         0  dc.o ABSOLUTE
    main.c                                   0x00000000   Number         0  main.o ABSOLUTE
    startup_TM4C123.s                        0x00000000   Number         0  startup_tm4c123.o ABSOLUTE
    !!!main                                  0x0000026c   Section        8  __main.o(!!!main)
    !!!scatter                               0x00000274   Section       52  __scatter.o(!!!scatter)
    !!handler_zi                             0x000002a8   Section       28  __scatter_zi.o(!!handler_zi)
    .ARM.Collect$$libinit$$00000000          0x000002c4   Section        2  libinit.o(.ARM.Collect$$libinit$$00000000)
    .ARM.Collect$$libinit$$00000002          0x000002c6   Section        0  libinit2.o(.ARM.Collect$$libinit$$00000002)
    .ARM.Collect$$libinit$$00000008          0x000002c6   Section        0  libinit2.o(.ARM.Collect$$libinit$$00000008)
    .ARM.Collect$$libinit$$0000000A          0x000002c6   Section        0  libinit2.o(.ARM.Collect$$libinit$$0000000A)
    .ARM.Collect$$libinit$$0000000C          0x000002c6   Section        0  libinit2.o(.ARM.Collect$$libinit$$0000000C)
    .ARM.Collect$$libinit$$0000000D          0x000002c6   Section        6  libinit2.o(.ARM.Collect$$libinit$$0000000D)
    .ARM.Collect$$libinit$$0000000F          0x000002cc   Section        0  libinit2.o(.ARM.Collect$$libinit$$0000000F)
    .ARM.Collect$$libinit$$00000010          0x000002cc   Section       12  libinit2.o(.ARM.Collect$$libinit$$00000010)
    .ARM.Collect$$libinit$$00000011          0x000002d8   Section        0  libinit2.o(.ARM.Collect$$libinit$$00000011)
    .ARM.Collect$$libinit$$00000013          0x000002d8   Section        0  libinit2.o(.ARM.Collect$$libinit$$00000013)
    .ARM.Collect$$libinit$$00000015          0x000002d8   Section        0  libinit2.o(.ARM.Collect$$libinit$$00000015)
    .ARM.Collect$$libinit$$00000017          0x000002d8   Section        0  libinit2.o(.ARM.Collect$$libinit$$00000017)
    .ARM.Collect$$libinit$$00000019          0x000002d8   Section        0  libinit2.o(.ARM.Collect$$libinit$$00000019)
    .ARM.Collect$$libinit$$0000001B          0x000002d8   Section        0  libinit2.o(.ARM.Collect$$libinit$$0000001B)
    .ARM.Collect$$libinit$$0000001D          0x000002d8   Section        0  libinit2.o(.ARM.Collect$$libinit$$0000001D)
    .ARM.Collect$$libinit$$0000001F          0x000002d8   Section        0  libinit2.o(.ARM.Collect$$libinit$$0000001F)
    .ARM.Collect$$libinit$$00000021          0x000002d8   Section        0  libinit2.o(.ARM.Collect$$libinit$$00000021)
    .ARM.Collect$$libinit$$00000023          0x000002d8   Section        0  libinit2.o(.ARM.Collect$$libinit$$00000023)
    .ARM.Collect$$libinit$$0000002A          0x000002d8   Section        0  libinit2.o(.ARM.Collect$$libinit$$0000002A)
    .ARM.Collect$$libinit$$0000002C          0x000002d8   Section        0  libinit2.o(.ARM.Collect$$libinit$$0000002C)
    .ARM.Collect$$libinit$$0000002E          0x000002d8   Section        0  libinit2.o(.ARM.Collect$$libinit$$0000002E)
    .ARM.Collect$$libinit$$00000030          0x000002d8   Section        0  libinit2.o(.ARM.Collect$$libinit$$00000030)
    .ARM.Collect$$libinit$$00000031          0x000002d8   Section        2  libinit2.o(.ARM.Collect$$libinit$$00000031)
    .ARM.Collect$$libshutdown$$00000000      0x000002da   Section        2  libshutdown.o(.ARM.Collect$$libshutdown$$00000000)
    .ARM.Collect$$libshutdown$$00000003      0x000002dc   Section        0  libshutdown2.o(.ARM.Collect$$libshutdown$$00000003)
    .ARM.Collect$$libshutdown$$00000006      0x000002dc   Section        0  libshutdown2.o(.ARM.Collect$$libshutdown$$00000006)
    .ARM.Collect$$libshutdown$$00000009      0x000002dc   Section        0  libshutdown2.o(.ARM.Collect$$libshutdown$$00000009)
    .ARM.Collect$$libshutdown$$0000000B      0x000002dc   Section        0  libshutdown2.o(.ARM.Collect$$libshutdown$$0000000B)
    .ARM.Collect$$libshutdown$$0000000E      0x000002dc   Section        0  libshutdown2.o(.ARM.Collect$$libshutdown$$0000000E)
    .ARM.Collect$$libshutdown$$0000000F      0x000002dc   Section        2  libshutdown2.o(.ARM.Collect$$libshutdown$$0000000F)
    .ARM.Collect$$rtentry$$00000000          0x000002de   Section        0  rtentry.o(.ARM.Collect$$rtentry$$00000000)
    .ARM.Collect$$rtentry$$00000002          0x000002de   Section        0  rtentry2.o(.ARM.Collect$$rtentry$$00000002)
    .ARM.Collect$$rtentry$$00000004          0x000002de   Section        6  rtentry4.o(.ARM.Collect$$rtentry$$00000004)
    .ARM.Collect$$rtentry$$00000009          0x000002e4   Section        0  rtentry2.o(.ARM.Collect$$rtentry$$00000009)
    .ARM.Collect$$rtentry$$0000000A          0x000002e4   Section        4  rtentry2.o(.ARM.Collect$$rtentry$$0000000A)
    .ARM.Collect$$rtentry$$0000000C          0x000002e8   Section        0  rtentry2.o(.ARM.Collect$$rtentry$$0000000C)
    .ARM.Collect$$rtentry$$0000000D          0x000002e8   Section        8  rtentry2.o(.ARM.Collect$$rtentry$$0000000D)
    .ARM.Collect$$rtexit$$00000000           0x000002f0   Section        2  rtexit.o(.ARM.Collect$$rtexit$$00000000)
    .ARM.Collect$$rtexit$$00000002           0x000002f2   Section        0  rtexit2.o(.ARM.Collect$$rtexit$$00000002)
    .ARM.Collect$$rtexit$$00000003           0x000002f2   Section        4  rtexit2.o(.ARM.Collect$$rtexit$$00000003)
    .ARM.Collect$$rtexit$$00000004           0x000002f6   Section        6  rtexit2.o(.ARM.Collect$$rtexit$$00000004)
    .text                                    0x000002fc   Section      276  startup_tm4c123.o(.text)
    .text                                    0x00000410   Section        0  main.o(.text)
    .text                                    0x000005c8   Section        0  gpio.o(.text)
    .text                                    0x00000ef8   Section        0  kaypad.o(.text)
    KeyPad_4x4_adjustKeyNumber               0x00000f75   Thumb Code    96  kaypad.o(.text)
    .text                                    0x0000104c   Section        0  uart.o(.text)
    .text                                    0x00001194   Section        0  atoi.o(.text)
    .text                                    0x000011b0   Section        0  assert.o(.text)
    .text                                    0x0000122c   Section        0  heapauxi.o(.text)
    .text                                    0x00001234   Section        8  rt_errno_addr_intlibspace.o(.text)
    .text                                    0x0000123c   Section        0  strtol.o(.text)
    .text                                    0x000012ac   Section        0  abort.o(.text)
    .text                                    0x000012bc   Section        0  assert_puts.o(.text)
    .text                                    0x000012d0   Section        0  sys_wrch.o(.text)
    .text                                    0x000012e0   Section        0  sys_exit.o(.text)
    .text                                    0x000012ec   Section        8  libspace.o(.text)
    .text                                    0x000012f4   Section       16  rt_ctype_table.o(.text)
    .text                                    0x00001304   Section        0  _strtoul.o(.text)
    .text                                    0x000013a2   Section        0  defsig_abrt_outer.o(.text)
    .text                                    0x000013b0   Section        2  use_no_semi.o(.text)
    .text                                    0x000013b2   Section       74  sys_stackheap_outer.o(.text)
    .text                                    0x000013b2   Section        0  indicate_semi.o(.text)
    .text                                    0x000013fc   Section        8  rt_locale_intlibspace.o(.text)
    .text                                    0x00001404   Section        0  _chval.o(.text)
    .text                                    0x00001420   Section        0  exit.o(.text)
    .text                                    0x0000142c   Section        0  defsig_exit.o(.text)
    .text                                    0x00001438   Section        0  defsig_abrt_inner.o(.text)
    .text                                    0x00001468   Section        0  defsig_general.o(.text)
    .text                                    0x0000149c   Section      128  strcmpv7m.o(.text)
    locale$$code                             0x0000151c   Section       44  lc_ctype_c.o(locale$$code)
    x$fpl$dadd                               0x00001548   Section      336  daddsub_clz.o(x$fpl$dadd)
    _dadd1                                   0x00001559   Thumb Code     0  daddsub_clz.o(x$fpl$dadd)
    x$fpl$dfix                               0x00001698   Section       94  dfix.o(x$fpl$dfix)
    x$fpl$dnaninf                            0x000016f6   Section      156  dnaninf.o(x$fpl$dnaninf)
    x$fpl$dretinf                            0x00001792   Section       12  dretinf.o(x$fpl$dretinf)
    x$fpl$dsub                               0x000017a0   Section      468  daddsub_clz.o(x$fpl$dsub)
    _dsub1                                   0x000017b1   Thumb Code     0  daddsub_clz.o(x$fpl$dsub)
    x$fpl$f2d                                0x00001974   Section       86  f2d.o(x$fpl$f2d)
    x$fpl$fadd                               0x000019cc   Section      196  faddsub_clz.o(x$fpl$fadd)
    _fadd1                                   0x000019db   Thumb Code     0  faddsub_clz.o(x$fpl$fadd)
    x$fpl$ffltu                              0x00001a90   Section       38  fflt_clz.o(x$fpl$ffltu)
    x$fpl$fmul                               0x00001ab8   Section      258  fmul.o(x$fpl$fmul)
    x$fpl$fnaninf                            0x00001bba   Section      140  fnaninf.o(x$fpl$fnaninf)
    x$fpl$fretinf                            0x00001c46   Section       10  fretinf.o(x$fpl$fretinf)
    x$fpl$frsb                               0x00001c50   Section       20  faddsub_clz.o(x$fpl$frsb)
    x$fpl$fsub                               0x00001c64   Section      234  faddsub_clz.o(x$fpl$fsub)
    _fsub1                                   0x00001c73   Thumb Code     0  faddsub_clz.o(x$fpl$fsub)
    x$fpl$usenofp                            0x00001d4e   Section        0  usenofp.o(x$fpl$usenofp)
    locale$$data                             0x00001d60   Section      272  lc_ctype_c.o(locale$$data)
    __lcctype_c_name                         0x00001d64   Data           2  lc_ctype_c.o(locale$$data)
    __lcctype_c_start                        0x00001d6c   Data           0  lc_ctype_c.o(locale$$data)
    __lcctype_c_end                          0x00001e70   Data           0  lc_ctype_c.o(locale$$data)
    .bss                                     0x20000000   Section       96  libspace.o(.bss)
    HEAP                                     0x20000060   Section        0  startup_tm4c123.o(HEAP)
    STACK                                    0x20000060   Section      512  startup_tm4c123.o(STACK)
    Heap_Mem                                 0x20000060   Data           0  startup_tm4c123.o(HEAP)
    Stack_Mem                                0x20000060   Data         512  startup_tm4c123.o(STACK)
    __initial_sp                             0x20000260   Data           0  startup_tm4c123.o(STACK)

    Global Symbols

    Symbol Name                              Value     Ov Type        Size  Object(Section)

    BuildAttributes$$THM_ISAv4$E$P$D$K$B$S$7EM$PE$A:L22UL41UL21$X:L11$S22US41US21$IEEE1$IW$USESV6$~STKCKD$USESV7$~SHL$OSPACE$ROPI$EBA8$UX$STANDARDLIB$REQ8$PRES8$EABIv2 0x00000000   Number         0  anon$$obj.o ABSOLUTE
    __ARM_use_no_argv                        0x00000000   Number         0  main.o ABSOLUTE
    __Vectors                                0x00000000   Data           4  startup_tm4c123.o(RESET)
    __ARM_exceptions_init                     - Undefined Weak Reference
    __alloca_initialize                       - Undefined Weak Reference
    __cpp_initialize__aeabi_                  - Undefined Weak Reference
    __cxa_finalize                            - Undefined Weak Reference
    __sigvec_lookup                           - Undefined Weak Reference
    _atexit_init                              - Undefined Weak Reference
    _call_atexit_fns                          - Undefined Weak Reference
    _clock_init                               - Undefined Weak Reference
    _fp_trap_init                             - Undefined Weak Reference
    _fp_trap_shutdown                         - Undefined Weak Reference
    _get_lc_collate                           - Undefined Weak Reference
    _get_lc_monetary                          - Undefined Weak Reference
    _get_lc_numeric                           - Undefined Weak Reference
    _get_lc_time                              - Undefined Weak Reference
    _getenv_init                              - Undefined Weak Reference
    _handle_redirection                       - Undefined Weak Reference
    _init_alloc                               - Undefined Weak Reference
    _init_user_alloc                          - Undefined Weak Reference
    _initio                                   - Undefined Weak Reference
    _rand_init                                - Undefined Weak Reference
    _signal_finish                            - Undefined Weak Reference
    _signal_init                              - Undefined Weak Reference
    _terminate_alloc                          - Undefined Weak Reference
    _terminate_user_alloc                     - Undefined Weak Reference
    _terminateio                              - Undefined Weak Reference
    __Vectors_End                            0x0000026c   Data           0  startup_tm4c123.o(RESET)
    __Vectors_Size                           0x0000026c   Number         0  startup_tm4c123.o ABSOLUTE
    __main                                   0x0000026d   Thumb Code     8  __main.o(!!!main)
    __scatterload                            0x00000275   Thumb Code     0  __scatter.o(!!!scatter)
    __scatterload_rt2                        0x00000275   Thumb Code    44  __scatter.o(!!!scatter)
    __scatterload_rt2_thumb_only             0x00000275   Thumb Code     0  __scatter.o(!!!scatter)
    __scatterload_null                       0x00000283   Thumb Code     0  __scatter.o(!!!scatter)
    __scatterload_zeroinit                   0x000002a9   Thumb Code    28  __scatter_zi.o(!!handler_zi)
    __rt_lib_init                            0x000002c5   Thumb Code     0  libinit.o(.ARM.Collect$$libinit$$00000000)
    __rt_lib_init_fp_1                       0x000002c7   Thumb Code     0  libinit2.o(.ARM.Collect$$libinit$$00000002)
    __rt_lib_init_heap_1                     0x000002c7   Thumb Code     0  libinit2.o(.ARM.Collect$$libinit$$00000008)
    __rt_lib_init_lc_common                  0x000002c7   Thumb Code     0  libinit2.o(.ARM.Collect$$libinit$$0000000D)
    __rt_lib_init_rand_1                     0x000002c7   Thumb Code     0  libinit2.o(.ARM.Collect$$libinit$$0000000C)
    __rt_lib_init_user_alloc_1               0x000002c7   Thumb Code     0  libinit2.o(.ARM.Collect$$libinit$$0000000A)
    __rt_lib_init_lc_collate_1               0x000002cd   Thumb Code     0  libinit2.o(.ARM.Collect$$libinit$$0000000F)
    __rt_lib_init_lc_ctype_2                 0x000002cd   Thumb Code     0  libinit2.o(.ARM.Collect$$libinit$$00000010)
    __rt_lib_init_alloca_1                   0x000002d9   Thumb Code     0  libinit2.o(.ARM.Collect$$libinit$$0000002C)
    __rt_lib_init_argv_1                     0x000002d9   Thumb Code     0  libinit2.o(.ARM.Collect$$libinit$$0000002A)
    __rt_lib_init_atexit_1                   0x000002d9   Thumb Code     0  libinit2.o(.ARM.Collect$$libinit$$00000019)
    __rt_lib_init_clock_1                    0x000002d9   Thumb Code     0  libinit2.o(.ARM.Collect$$libinit$$0000001F)
    __rt_lib_init_cpp_1                      0x000002d9   Thumb Code     0  libinit2.o(.ARM.Collect$$libinit$$00000030)
    __rt_lib_init_exceptions_1               0x000002d9   Thumb Code     0  libinit2.o(.ARM.Collect$$libinit$$0000002E)
    __rt_lib_init_fp_trap_1                  0x000002d9   Thumb Code     0  libinit2.o(.ARM.Collect$$libinit$$0000001D)
    __rt_lib_init_getenv_1                   0x000002d9   Thumb Code     0  libinit2.o(.ARM.Collect$$libinit$$00000021)
    __rt_lib_init_lc_ctype_1                 0x000002d9   Thumb Code     0  libinit2.o(.ARM.Collect$$libinit$$00000011)
    __rt_lib_init_lc_monetary_1              0x000002d9   Thumb Code     0  libinit2.o(.ARM.Collect$$libinit$$00000013)
    __rt_lib_init_lc_numeric_1               0x000002d9   Thumb Code     0  libinit2.o(.ARM.Collect$$libinit$$00000015)
    __rt_lib_init_lc_time_1                  0x000002d9   Thumb Code     0  libinit2.o(.ARM.Collect$$libinit$$00000017)
    __rt_lib_init_return                     0x000002d9   Thumb Code     0  libinit2.o(.ARM.Collect$$libinit$$00000031)
    __rt_lib_init_signal_1                   0x000002d9   Thumb Code     0  libinit2.o(.ARM.Collect$$libinit$$0000001B)
    __rt_lib_init_stdio_1                    0x000002d9   Thumb Code     0  libinit2.o(.ARM.Collect$$libinit$$00000023)
    __rt_lib_shutdown                        0x000002db   Thumb Code     0  libshutdown.o(.ARM.Collect$$libshutdown$$00000000)
    __rt_lib_shutdown_fp_trap_1              0x000002dd   Thumb Code     0  libshutdown2.o(.ARM.Collect$$libshutdown$$00000006)
    __rt_lib_shutdown_heap_1                 0x000002dd   Thumb Code     0  libshutdown2.o(.ARM.Collect$$libshutdown$$0000000E)
    __rt_lib_shutdown_return                 0x000002dd   Thumb Code     0  libshutdown2.o(.ARM.Collect$$libshutdown$$0000000F)
    __rt_lib_shutdown_signal_1               0x000002dd   Thumb Code     0  libshutdown2.o(.ARM.Collect$$libshutdown$$00000009)
    __rt_lib_shutdown_stdio_1                0x000002dd   Thumb Code     0  libshutdown2.o(.ARM.Collect$$libshutdown$$00000003)
    __rt_lib_shutdown_user_alloc_1           0x000002dd   Thumb Code     0  libshutdown2.o(.ARM.Collect$$libshutdown$$0000000B)
    __rt_entry                               0x000002df   Thumb Code     0  rtentry.o(.ARM.Collect$$rtentry$$00000000)
    __rt_entry_presh_1                       0x000002df   Thumb Code     0  rtentry2.o(.ARM.Collect$$rtentry$$00000002)
    __rt_entry_sh                            0x000002df   Thumb Code     0  rtentry4.o(.ARM.Collect$$rtentry$$00000004)
    __rt_entry_li                            0x000002e5   Thumb Code     0  rtentry2.o(.ARM.Collect$$rtentry$$0000000A)
    __rt_entry_postsh_1                      0x000002e5   Thumb Code     0  rtentry2.o(.ARM.Collect$$rtentry$$00000009)
    __rt_entry_main                          0x000002e9   Thumb Code     0  rtentry2.o(.ARM.Collect$$rtentry$$0000000D)
    __rt_entry_postli_1                      0x000002e9   Thumb Code     0  rtentry2.o(.ARM.Collect$$rtentry$$0000000C)
    __rt_exit                                0x000002f1   Thumb Code     0  rtexit.o(.ARM.Collect$$rtexit$$00000000)
    __rt_exit_ls                             0x000002f3   Thumb Code     0  rtexit2.o(.ARM.Collect$$rtexit$$00000003)
    __rt_exit_prels_1                        0x000002f3   Thumb Code     0  rtexit2.o(.ARM.Collect$$rtexit$$00000002)
    __rt_exit_exit                           0x000002f7   Thumb Code     0  rtexit2.o(.ARM.Collect$$rtexit$$00000004)
    Reset_Handler                            0x000002fd   Thumb Code     8  startup_tm4c123.o(.text)
    NMI_Handler                              0x00000305   Thumb Code     2  startup_tm4c123.o(.text)
    HardFault_Handler                        0x00000307   Thumb Code     2  startup_tm4c123.o(.text)
    MemManage_Handler                        0x00000309   Thumb Code     2  startup_tm4c123.o(.text)
    BusFault_Handler                         0x0000030b   Thumb Code     2  startup_tm4c123.o(.text)
    UsageFault_Handler                       0x0000030d   Thumb Code     2  startup_tm4c123.o(.text)
    SVC_Handler                              0x0000030f   Thumb Code     2  startup_tm4c123.o(.text)
    DebugMon_Handler                         0x00000311   Thumb Code     2  startup_tm4c123.o(.text)
    PendSV_Handler                           0x00000313   Thumb Code     2  startup_tm4c123.o(.text)
    SysTick_Handler                          0x00000315   Thumb Code     2  startup_tm4c123.o(.text)
    GPIOA_Handler                            0x00000317   Thumb Code     2  startup_tm4c123.o(.text)
    GPIOB_Handler                            0x00000319   Thumb Code     2  startup_tm4c123.o(.text)
    GPIOC_Handler                            0x0000031b   Thumb Code     2  startup_tm4c123.o(.text)
    GPIOD_Handler                            0x0000031d   Thumb Code     2  startup_tm4c123.o(.text)
    GPIOE_Handler                            0x0000031f   Thumb Code     2  startup_tm4c123.o(.text)
    UART0_Handler                            0x00000321   Thumb Code     2  startup_tm4c123.o(.text)
    UART1_Handler                            0x00000323   Thumb Code     2  startup_tm4c123.o(.text)
    SSI0_Handler                             0x00000325   Thumb Code     2  startup_tm4c123.o(.text)
    I2C0_Handler                             0x00000327   Thumb Code     2  startup_tm4c123.o(.text)
    PMW0_FAULT_Handler                       0x00000329   Thumb Code     2  startup_tm4c123.o(.text)
    PWM0_0_Handler                           0x0000032b   Thumb Code     2  startup_tm4c123.o(.text)
    PWM0_1_Handler                           0x0000032d   Thumb Code     2  startup_tm4c123.o(.text)
    PWM0_2_Handler                           0x0000032f   Thumb Code     2  startup_tm4c123.o(.text)
    QEI0_Handler                             0x00000331   Thumb Code     2  startup_tm4c123.o(.text)
    ADC0SS0_Handler                          0x00000333   Thumb Code     2  startup_tm4c123.o(.text)
    ADC0SS1_Handler                          0x00000335   Thumb Code     2  startup_tm4c123.o(.text)
    ADC0SS2_Handler                          0x00000337   Thumb Code     2  startup_tm4c123.o(.text)
    ADC0SS3_Handler                          0x00000339   Thumb Code     2  startup_tm4c123.o(.text)
    WDT0_Handler                             0x0000033b   Thumb Code     2  startup_tm4c123.o(.text)
    TIMER0A_Handler                          0x0000033d   Thumb Code     2  startup_tm4c123.o(.text)
    TIMER0B_Handler                          0x0000033f   Thumb Code     2  startup_tm4c123.o(.text)
    TIMER1A_Handler                          0x00000341   Thumb Code     2  startup_tm4c123.o(.text)
    TIMER1B_Handler                          0x00000343   Thumb Code     2  startup_tm4c123.o(.text)
    TIMER2A_Handler                          0x00000345   Thumb Code     2  startup_tm4c123.o(.text)
    TIMER2B_Handler                          0x00000347   Thumb Code     2  startup_tm4c123.o(.text)
    COMP0_Handler                            0x00000349   Thumb Code     2  startup_tm4c123.o(.text)
    COMP1_Handler                            0x0000034b   Thumb Code     2  startup_tm4c123.o(.text)
    COMP2_Handler                            0x0000034d   Thumb Code     2  startup_tm4c123.o(.text)
    SYSCTL_Handler                           0x0000034f   Thumb Code     2  startup_tm4c123.o(.text)
    FLASH_Handler                            0x00000351   Thumb Code     2  startup_tm4c123.o(.text)
    GPIOF_Handler                            0x00000353   Thumb Code     2  startup_tm4c123.o(.text)
    GPIOG_Handler                            0x00000355   Thumb Code     2  startup_tm4c123.o(.text)
    GPIOH_Handler                            0x00000357   Thumb Code     2  startup_tm4c123.o(.text)
    UART2_Handler                            0x00000359   Thumb Code     2  startup_tm4c123.o(.text)
    SSI1_Handler                             0x0000035b   Thumb Code     2  startup_tm4c123.o(.text)
    TIMER3A_Handler                          0x0000035d   Thumb Code     2  startup_tm4c123.o(.text)
    TIMER3B_Handler                          0x0000035f   Thumb Code     2  startup_tm4c123.o(.text)
    I2C1_Handler                             0x00000361   Thumb Code     2  startup_tm4c123.o(.text)
    QEI1_Handler                             0x00000363   Thumb Code     2  startup_tm4c123.o(.text)
    CAN0_Handler                             0x00000365   Thumb Code     2  startup_tm4c123.o(.text)
    CAN1_Handler                             0x00000367   Thumb Code     2  startup_tm4c123.o(.text)
    CAN2_Handler                             0x00000369   Thumb Code     2  startup_tm4c123.o(.text)
    HIB_Handler                              0x0000036b   Thumb Code     2  startup_tm4c123.o(.text)
    USB0_Handler                             0x0000036d   Thumb Code     2  startup_tm4c123.o(.text)
    PWM0_3_Handler                           0x0000036f   Thumb Code     2  startup_tm4c123.o(.text)
    UDMA_Handler                             0x00000371   Thumb Code     2  startup_tm4c123.o(.text)
    UDMAERR_Handler                          0x00000373   Thumb Code     2  startup_tm4c123.o(.text)
    ADC1SS0_Handler                          0x00000375   Thumb Code     2  startup_tm4c123.o(.text)
    ADC1SS1_Handler                          0x00000377   Thumb Code     2  startup_tm4c123.o(.text)
    ADC1SS2_Handler                          0x00000379   Thumb Code     2  startup_tm4c123.o(.text)
    ADC1SS3_Handler                          0x0000037b   Thumb Code     2  startup_tm4c123.o(.text)
    GPIOJ_Handler                            0x0000037d   Thumb Code     2  startup_tm4c123.o(.text)
    GPIOK_Handler                            0x0000037f   Thumb Code     2  startup_tm4c123.o(.text)
    GPIOL_Handler                            0x00000381   Thumb Code     2  startup_tm4c123.o(.text)
    SSI2_Handler                             0x00000383   Thumb Code     2  startup_tm4c123.o(.text)
    SSI3_Handler                             0x00000385   Thumb Code     2  startup_tm4c123.o(.text)
    UART3_Handler                            0x00000387   Thumb Code     2  startup_tm4c123.o(.text)
    UART4_Handler                            0x00000389   Thumb Code     2  startup_tm4c123.o(.text)
    UART5_Handler                            0x0000038b   Thumb Code     2  startup_tm4c123.o(.text)
    UART6_Handler                            0x0000038d   Thumb Code     2  startup_tm4c123.o(.text)
    UART7_Handler                            0x0000038f   Thumb Code     2  startup_tm4c123.o(.text)
    I2C2_Handler                             0x00000391   Thumb Code     2  startup_tm4c123.o(.text)
    I2C3_Handler                             0x00000393   Thumb Code     2  startup_tm4c123.o(.text)
    TIMER4A_Handler                          0x00000395   Thumb Code     2  startup_tm4c123.o(.text)
    TIMER4B_Handler                          0x00000397   Thumb Code     2  startup_tm4c123.o(.text)
    TIMER5A_Handler                          0x00000399   Thumb Code     2  startup_tm4c123.o(.text)
    TIMER5B_Handler                          0x0000039b   Thumb Code     2  startup_tm4c123.o(.text)
    WTIMER0A_Handler                         0x0000039d   Thumb Code     2  startup_tm4c123.o(.text)
    WTIMER0B_Handler                         0x0000039f   Thumb Code     2  startup_tm4c123.o(.text)
    WTIMER1A_Handler                         0x000003a1   Thumb Code     2  startup_tm4c123.o(.text)
    WTIMER1B_Handler                         0x000003a3   Thumb Code     2  startup_tm4c123.o(.text)
    WTIMER2A_Handler                         0x000003a5   Thumb Code     2  startup_tm4c123.o(.text)
    WTIMER2B_Handler                         0x000003a7   Thumb Code     2  startup_tm4c123.o(.text)
    WTIMER3A_Handler                         0x000003a9   Thumb Code     2  startup_tm4c123.o(.text)
    WTIMER3B_Handler                         0x000003ab   Thumb Code     2  startup_tm4c123.o(.text)
    WTIMER4A_Handler                         0x000003ad   Thumb Code     2  startup_tm4c123.o(.text)
    WTIMER4B_Handler                         0x000003af   Thumb Code     2  startup_tm4c123.o(.text)
    WTIMER5A_Handler                         0x000003b1   Thumb Code     2  startup_tm4c123.o(.text)
    WTIMER5B_Handler                         0x000003b3   Thumb Code     2  startup_tm4c123.o(.text)
    FPU_Handler                              0x000003b5   Thumb Code     2  startup_tm4c123.o(.text)
    I2C4_Handler                             0x000003b7   Thumb Code     2  startup_tm4c123.o(.text)
    I2C5_Handler                             0x000003b9   Thumb Code     2  startup_tm4c123.o(.text)
    GPIOM_Handler                            0x000003bb   Thumb Code     2  startup_tm4c123.o(.text)
    GPION_Handler                            0x000003bd   Thumb Code     2  startup_tm4c123.o(.text)
    QEI2_Handler                             0x000003bf   Thumb Code     2  startup_tm4c123.o(.text)
    GPIOP0_Handler                           0x000003c1   Thumb Code     2  startup_tm4c123.o(.text)
    GPIOP1_Handler                           0x000003c3   Thumb Code     2  startup_tm4c123.o(.text)
    GPIOP2_Handler                           0x000003c5   Thumb Code     2  startup_tm4c123.o(.text)
    GPIOP3_Handler                           0x000003c7   Thumb Code     2  startup_tm4c123.o(.text)
    GPIOP4_Handler                           0x000003c9   Thumb Code     2  startup_tm4c123.o(.text)
    GPIOP5_Handler                           0x000003cb   Thumb Code     2  startup_tm4c123.o(.text)
    GPIOP6_Handler                           0x000003cd   Thumb Code     2  startup_tm4c123.o(.text)
    GPIOP7_Handler                           0x000003cf   Thumb Code     2  startup_tm4c123.o(.text)
    GPIOQ0_Handler                           0x000003d1   Thumb Code     2  startup_tm4c123.o(.text)
    GPIOQ1_Handler                           0x000003d3   Thumb Code     2  startup_tm4c123.o(.text)
    GPIOQ2_Handler                           0x000003d5   Thumb Code     2  startup_tm4c123.o(.text)
    GPIOQ3_Handler                           0x000003d7   Thumb Code     2  startup_tm4c123.o(.text)
    GPIOQ4_Handler                           0x000003d9   Thumb Code     2  startup_tm4c123.o(.text)
    GPIOQ5_Handler                           0x000003db   Thumb Code     2  startup_tm4c123.o(.text)
    GPIOQ6_Handler                           0x000003dd   Thumb Code     2  startup_tm4c123.o(.text)
    GPIOQ7_Handler                           0x000003df   Thumb Code     2  startup_tm4c123.o(.text)
    GPIOR_Handler                            0x000003e1   Thumb Code     2  startup_tm4c123.o(.text)
    GPIOS_Handler                            0x000003e3   Thumb Code     2  startup_tm4c123.o(.text)
    PMW1_0_Handler                           0x000003e5   Thumb Code     2  startup_tm4c123.o(.text)
    PWM1_1_Handler                           0x000003e7   Thumb Code     2  startup_tm4c123.o(.text)
    PWM1_2_Handler                           0x000003e9   Thumb Code     2  startup_tm4c123.o(.text)
    PWM1_3_Handler                           0x000003eb   Thumb Code     2  startup_tm4c123.o(.text)
    PWM1_FAULT_Handler                       0x000003ed   Thumb Code     2  startup_tm4c123.o(.text)
    __user_initial_stackheap                 0x000003f1   Thumb Code     0  startup_tm4c123.o(.text)
    SystemInit                               0x00000411   Thumb Code     2  main.o(.text)
    Init                                     0x00000413   Thumb Code    22  main.o(.text)
    main                                     0x00000429   Thumb Code   414  main.o(.text)
    pinMode                                  0x000005c9   Thumb Code  1538  gpio.o(.text)
    digitalPinRead                           0x00000bcb   Thumb Code   242  gpio.o(.text)
    digitalPortRead                          0x00000cbd   Thumb Code    76  gpio.o(.text)
    digitalWrite                             0x00000d09   Thumb Code   404  gpio.o(.text)
    digitalPortWrite                         0x00000e9d   Thumb Code    58  gpio.o(.text)
    keypad_init                              0x00000ef9   Thumb Code   124  kaypad.o(.text)
    keypad_get_char                          0x00000fd5   Thumb Code    84  kaypad.o(.text)
    keypad_get_String                        0x00001029   Thumb Code    34  kaypad.o(.text)
    UART_Init                                0x0000104d   Thumb Code   246  uart.o(.text)
    UART_Receive_Char                        0x00001143   Thumb Code    22  uart.o(.text)
    UART_Receive_String                      0x00001159   Thumb Code    36  uart.o(.text)
    atoi                                     0x00001195   Thumb Code    26  atoi.o(.text)
    __aeabi_assert                           0x000011b1   Thumb Code    84  assert.o(.text)
    __assert                                 0x000011b1   Thumb Code     0  assert.o(.text)
    __use_two_region_memory                  0x0000122d   Thumb Code     2  heapauxi.o(.text)
    __rt_heap_escrow$2region                 0x0000122f   Thumb Code     2  heapauxi.o(.text)
    __rt_heap_expand$2region                 0x00001231   Thumb Code     2  heapauxi.o(.text)
    __aeabi_errno_addr                       0x00001235   Thumb Code     8  rt_errno_addr_intlibspace.o(.text)
    __errno$intlibspace                      0x00001235   Thumb Code     0  rt_errno_addr_intlibspace.o(.text)
    __rt_errno_addr$intlibspace              0x00001235   Thumb Code     0  rt_errno_addr_intlibspace.o(.text)
    strtol                                   0x0000123d   Thumb Code   112  strtol.o(.text)
    abort                                    0x000012ad   Thumb Code    16  abort.o(.text)
    __assert_puts                            0x000012bd   Thumb Code    20  assert_puts.o(.text)
    _ttywrch                                 0x000012d1   Thumb Code    14  sys_wrch.o(.text)
    _sys_exit                                0x000012e1   Thumb Code     8  sys_exit.o(.text)
    __user_libspace                          0x000012ed   Thumb Code     8  libspace.o(.text)
    __user_perproc_libspace                  0x000012ed   Thumb Code     0  libspace.o(.text)
    __user_perthread_libspace                0x000012ed   Thumb Code     0  libspace.o(.text)
    __rt_ctype_table                         0x000012f5   Thumb Code    16  rt_ctype_table.o(.text)
    _strtoul                                 0x00001305   Thumb Code   158  _strtoul.o(.text)
    __rt_SIGABRT                             0x000013a3   Thumb Code    14  defsig_abrt_outer.o(.text)
    __I$use$semihosting                      0x000013b1   Thumb Code     0  use_no_semi.o(.text)
    __use_no_semihosting_swi                 0x000013b1   Thumb Code     2  use_no_semi.o(.text)
    __semihosting_library_function           0x000013b3   Thumb Code     0  indicate_semi.o(.text)
    __user_setup_stackheap                   0x000013b3   Thumb Code    74  sys_stackheap_outer.o(.text)
    __rt_locale                              0x000013fd   Thumb Code     8  rt_locale_intlibspace.o(.text)
    _chval                                   0x00001405   Thumb Code    28  _chval.o(.text)
    exit                                     0x00001421   Thumb Code    12  exit.o(.text)
    __sig_exit                               0x0000142d   Thumb Code    10  defsig_exit.o(.text)
    __rt_SIGABRT_inner                       0x00001439   Thumb Code    14  defsig_abrt_inner.o(.text)
    __default_signal_display                 0x00001469   Thumb Code    50  defsig_general.o(.text)
    strcmp                                   0x0000149d   Thumb Code   128  strcmpv7m.o(.text)
    _get_lc_ctype                            0x0000151d   Thumb Code    44  lc_ctype_c.o(locale$$code)
    __aeabi_dadd                             0x00001549   Thumb Code     0  daddsub_clz.o(x$fpl$dadd)
    _dadd                                    0x00001549   Thumb Code   332  daddsub_clz.o(x$fpl$dadd)
    __aeabi_d2iz                             0x00001699   Thumb Code     0  dfix.o(x$fpl$dfix)
    _dfix                                    0x00001699   Thumb Code    94  dfix.o(x$fpl$dfix)
    __fpl_dnaninf                            0x000016f7   Thumb Code   156  dnaninf.o(x$fpl$dnaninf)
    __fpl_dretinf                            0x00001793   Thumb Code    12  dretinf.o(x$fpl$dretinf)
    __aeabi_dsub                             0x000017a1   Thumb Code     0  daddsub_clz.o(x$fpl$dsub)
    _dsub                                    0x000017a1   Thumb Code   464  daddsub_clz.o(x$fpl$dsub)
    __aeabi_f2d                              0x00001975   Thumb Code     0  f2d.o(x$fpl$f2d)
    _f2d                                     0x00001975   Thumb Code    86  f2d.o(x$fpl$f2d)
    __aeabi_fadd                             0x000019cd   Thumb Code     0  faddsub_clz.o(x$fpl$fadd)
    _fadd                                    0x000019cd   Thumb Code   196  faddsub_clz.o(x$fpl$fadd)
    __aeabi_ui2f                             0x00001a91   Thumb Code     0  fflt_clz.o(x$fpl$ffltu)
    _ffltu                                   0x00001a91   Thumb Code    38  fflt_clz.o(x$fpl$ffltu)
    __aeabi_fmul                             0x00001ab9   Thumb Code     0  fmul.o(x$fpl$fmul)
    _fmul                                    0x00001ab9   Thumb Code   258  fmul.o(x$fpl$fmul)
    __fpl_fnaninf                            0x00001bbb   Thumb Code   140  fnaninf.o(x$fpl$fnaninf)
    __fpl_fretinf                            0x00001c47   Thumb Code    10  fretinf.o(x$fpl$fretinf)
    __aeabi_frsub                            0x00001c51   Thumb Code     0  faddsub_clz.o(x$fpl$frsb)
    _frsb                                    0x00001c51   Thumb Code    20  faddsub_clz.o(x$fpl$frsb)
    __aeabi_fsub                             0x00001c65   Thumb Code     0  faddsub_clz.o(x$fpl$fsub)
    _fsub                                    0x00001c65   Thumb Code   234  faddsub_clz.o(x$fpl$fsub)
    __I$use$fp                               0x00001d4e   Number         0  usenofp.o(x$fpl$usenofp)
    Region$$Table$$Base                      0x00001d50   Number         0  anon$$obj.o(Region$$Table)
    Region$$Table$$Limit                     0x00001d60   Number         0  anon$$obj.o(Region$$Table)
    __ctype                                  0x00001d6d   Data           0  lc_ctype_c.o(locale$$data)
    __libspace_start                         0x20000000   Data          96  libspace.o(.bss)
    __temporary_stack_top$libspace           0x20000060   Data           0  libspace.o(.bss)



==============================================================================

Memory Map of the image

  Image Entry point : 0x000002fd

  Load Region LR_1 (Base: 0x00000000, Size: 0x00001e70, Max: 0xffffffff, ABSOLUTE)

    Execution Region ER_RO (Base: 0x00000000, Size: 0x00001e70, Max: 0xffffffff, ABSOLUTE)

    Base Addr    Size         Type   Attr      Idx    E Section Name        Object

    0x00000000   0x0000026c   Data   RO            3    RESET               startup_tm4c123.o
    0x0000026c   0x00000008   Code   RO          106  * !!!main             c_w.l(__main.o)
    0x00000274   0x00000034   Code   RO          326    !!!scatter          c_w.l(__scatter.o)
    0x000002a8   0x0000001c   Code   RO          328    !!handler_zi        c_w.l(__scatter_zi.o)
    0x000002c4   0x00000002   Code   RO          213    .ARM.Collect$$libinit$$00000000  c_w.l(libinit.o)
    0x000002c6   0x00000000   Code   RO          223    .ARM.Collect$$libinit$$00000002  c_w.l(libinit2.o)
    0x000002c6   0x00000000   Code   RO          226    .ARM.Collect$$libinit$$00000008  c_w.l(libinit2.o)
    0x000002c6   0x00000000   Code   RO          228    .ARM.Collect$$libinit$$0000000A  c_w.l(libinit2.o)
    0x000002c6   0x00000000   Code   RO          230    .ARM.Collect$$libinit$$0000000C  c_w.l(libinit2.o)
    0x000002c6   0x00000006   Code   RO          231    .ARM.Collect$$libinit$$0000000D  c_w.l(libinit2.o)
    0x000002cc   0x00000000   Code   RO          233    .ARM.Collect$$libinit$$0000000F  c_w.l(libinit2.o)
    0x000002cc   0x0000000c   Code   RO          234    .ARM.Collect$$libinit$$00000010  c_w.l(libinit2.o)
    0x000002d8   0x00000000   Code   RO          235    .ARM.Collect$$libinit$$00000011  c_w.l(libinit2.o)
    0x000002d8   0x00000000   Code   RO          237    .ARM.Collect$$libinit$$00000013  c_w.l(libinit2.o)
    0x000002d8   0x00000000   Code   RO          239    .ARM.Collect$$libinit$$00000015  c_w.l(libinit2.o)
    0x000002d8   0x00000000   Code   RO          241    .ARM.Collect$$libinit$$00000017  c_w.l(libinit2.o)
    0x000002d8   0x00000000   Code   RO          243    .ARM.Collect$$libinit$$00000019  c_w.l(libinit2.o)
    0x000002d8   0x00000000   Code   RO          245    .ARM.Collect$$libinit$$0000001B  c_w.l(libinit2.o)
    0x000002d8   0x00000000   Code   RO          247    .ARM.Collect$$libinit$$0000001D  c_w.l(libinit2.o)
    0x000002d8   0x00000000   Code   RO          249    .ARM.Collect$$libinit$$0000001F  c_w.l(libinit2.o)
    0x000002d8   0x00000000   Code   RO          251    .ARM.Collect$$libinit$$00000021  c_w.l(libinit2.o)
    0x000002d8   0x00000000   Code   RO          253    .ARM.Collect$$libinit$$00000023  c_w.l(libinit2.o)
    0x000002d8   0x00000000   Code   RO          257    .ARM.Collect$$libinit$$0000002A  c_w.l(libinit2.o)
    0x000002d8   0x00000000   Code   RO          259    .ARM.Collect$$libinit$$0000002C  c_w.l(libinit2.o)
    0x000002d8   0x00000000   Code   RO          261    .ARM.Collect$$libinit$$0000002E  c_w.l(libinit2.o)
    0x000002d8   0x00000000   Code   RO          263    .ARM.Collect$$libinit$$00000030  c_w.l(libinit2.o)
    0x000002d8   0x00000002   Code   RO          264    .ARM.Collect$$libinit$$00000031  c_w.l(libinit2.o)
    0x000002da   0x00000002   Code   RO          300    .ARM.Collect$$libshutdown$$00000000  c_w.l(libshutdown.o)
    0x000002dc   0x00000000   Code   RO          311    .ARM.Collect$$libshutdown$$00000003  c_w.l(libshutdown2.o)
    0x000002dc   0x00000000   Code   RO          314    .ARM.Collect$$libshutdown$$00000006  c_w.l(libshutdown2.o)
    0x000002dc   0x00000000   Code   RO          317    .ARM.Collect$$libshutdown$$00000009  c_w.l(libshutdown2.o)
    0x000002dc   0x00000000   Code   RO          319    .ARM.Collect$$libshutdown$$0000000B  c_w.l(libshutdown2.o)
    0x000002dc   0x00000000   Code   RO          322    .ARM.Collect$$libshutdown$$0000000E  c_w.l(libshutdown2.o)
    0x000002dc   0x00000002   Code   RO          323    .ARM.Collect$$libshutdown$$0000000F  c_w.l(libshutdown2.o)
    0x000002de   0x00000000   Code   RO          134    .ARM.Collect$$rtentry$$00000000  c_w.l(rtentry.o)
    0x000002de   0x00000000   Code   RO          163    .ARM.Collect$$rtentry$$00000002  c_w.l(rtentry2.o)
    0x000002de   0x00000006   Code   RO          175    .ARM.Collect$$rtentry$$00000004  c_w.l(rtentry4.o)
    0x000002e4   0x00000000   Code   RO          165    .ARM.Collect$$rtentry$$00000009  c_w.l(rtentry2.o)
    0x000002e4   0x00000004   Code   RO          166    .ARM.Collect$$rtentry$$0000000A  c_w.l(rtentry2.o)
    0x000002e8   0x00000000   Code   RO          168    .ARM.Collect$$rtentry$$0000000C  c_w.l(rtentry2.o)
    0x000002e8   0x00000008   Code   RO          169    .ARM.Collect$$rtentry$$0000000D  c_w.l(rtentry2.o)
    0x000002f0   0x00000002   Code   RO          214    .ARM.Collect$$rtexit$$00000000  c_w.l(rtexit.o)
    0x000002f2   0x00000000   Code   RO          266    .ARM.Collect$$rtexit$$00000002  c_w.l(rtexit2.o)
    0x000002f2   0x00000004   Code   RO          267    .ARM.Collect$$rtexit$$00000003  c_w.l(rtexit2.o)
    0x000002f6   0x00000006   Code   RO          268    .ARM.Collect$$rtexit$$00000004  c_w.l(rtexit2.o)
    0x000002fc   0x00000114   Code   RO            4  * .text               startup_tm4c123.o
    0x00000410   0x000001b6   Code   RO           10    .text               main.o
    0x000005c6   0x00000002   PAD
    0x000005c8   0x00000930   Code   RO           53    .text               gpio.o
    0x00000ef8   0x00000152   Code   RO           65    .text               kaypad.o
    0x0000104a   0x00000002   PAD
    0x0000104c   0x00000148   Code   RO           77    .text               uart.o
    0x00001194   0x0000001a   Code   RO          100    .text               c_w.l(atoi.o)
    0x000011ae   0x00000002   PAD
    0x000011b0   0x0000007c   Code   RO          102    .text               c_w.l(assert.o)
    0x0000122c   0x00000006   Code   RO          104    .text               c_w.l(heapauxi.o)
    0x00001232   0x00000002   PAD
    0x00001234   0x00000008   Code   RO          138    .text               c_w.l(rt_errno_addr_intlibspace.o)
    0x0000123c   0x00000070   Code   RO          140    .text               c_w.l(strtol.o)
    0x000012ac   0x00000010   Code   RO          142    .text               c_w.l(abort.o)
    0x000012bc   0x00000014   Code   RO          144    .text               c_w.l(assert_puts.o)
    0x000012d0   0x0000000e   Code   RO          155    .text               c_w.l(sys_wrch.o)
    0x000012de   0x00000002   PAD
    0x000012e0   0x0000000c   Code   RO          157    .text               c_w.l(sys_exit.o)
    0x000012ec   0x00000008   Code   RO          159    .text               c_w.l(libspace.o)
    0x000012f4   0x00000010   Code   RO          177    .text               c_w.l(rt_ctype_table.o)
    0x00001304   0x0000009e   Code   RO          179    .text               c_w.l(_strtoul.o)
    0x000013a2   0x0000000e   Code   RO          181    .text               c_w.l(defsig_abrt_outer.o)
    0x000013b0   0x00000002   Code   RO          185    .text               c_w.l(use_no_semi.o)
    0x000013b2   0x00000000   Code   RO          187    .text               c_w.l(indicate_semi.o)
    0x000013b2   0x0000004a   Code   RO          188    .text               c_w.l(sys_stackheap_outer.o)
    0x000013fc   0x00000008   Code   RO          195    .text               c_w.l(rt_locale_intlibspace.o)
    0x00001404   0x0000001c   Code   RO          197    .text               c_w.l(_chval.o)
    0x00001420   0x0000000c   Code   RO          202    .text               c_w.l(exit.o)
    0x0000142c   0x0000000a   Code   RO          204    .text               c_w.l(defsig_exit.o)
    0x00001436   0x00000002   PAD
    0x00001438   0x00000030   Code   RO          206    .text               c_w.l(defsig_abrt_inner.o)
    0x00001468   0x00000032   Code   RO          218    .text               c_w.l(defsig_general.o)
    0x0000149a   0x00000002   PAD
    0x0000149c   0x00000080   Code   RO          220    .text               c_w.l(strcmpv7m.o)
    0x0000151c   0x0000002c   Code   RO          200    locale$$code        c_w.l(lc_ctype_c.o)
    0x00001548   0x00000150   Code   RO          108    x$fpl$dadd          fz_ws.l(daddsub_clz.o)
    0x00001698   0x0000005e   Code   RO          114    x$fpl$dfix          fz_ws.l(dfix.o)
    0x000016f6   0x0000009c   Code   RO          146    x$fpl$dnaninf       fz_ws.l(dnaninf.o)
    0x00001792   0x0000000c   Code   RO          148    x$fpl$dretinf       fz_ws.l(dretinf.o)
    0x0000179e   0x00000002   PAD
    0x000017a0   0x000001d4   Code   RO          110    x$fpl$dsub          fz_ws.l(daddsub_clz.o)
    0x00001974   0x00000056   Code   RO          118    x$fpl$f2d           fz_ws.l(f2d.o)
    0x000019ca   0x00000002   PAD
    0x000019cc   0x000000c4   Code   RO          120    x$fpl$fadd          fz_ws.l(faddsub_clz.o)
    0x00001a90   0x00000026   Code   RO          126    x$fpl$ffltu         fz_ws.l(fflt_clz.o)
    0x00001ab6   0x00000002   PAD
    0x00001ab8   0x00000102   Code   RO          132    x$fpl$fmul          fz_ws.l(fmul.o)
    0x00001bba   0x0000008c   Code   RO          150    x$fpl$fnaninf       fz_ws.l(fnaninf.o)
    0x00001c46   0x0000000a   Code   RO          152    x$fpl$fretinf       fz_ws.l(fretinf.o)
    0x00001c50   0x00000014   Code   RO          121    x$fpl$frsb          fz_ws.l(faddsub_clz.o)
    0x00001c64   0x000000ea   Code   RO          122    x$fpl$fsub          fz_ws.l(faddsub_clz.o)
    0x00001d4e   0x00000000   Code   RO          154    x$fpl$usenofp       fz_ws.l(usenofp.o)
    0x00001d4e   0x00000002   PAD
    0x00001d50   0x00000010   Data   RO          324    Region$$Table       anon$$obj.o
    0x00001d60   0x00000110   Data   RO          199    locale$$data        c_w.l(lc_ctype_c.o)


    Execution Region ER_RW (Base: 0x20000000, Size: 0x00000000, Max: 0xffffffff, ABSOLUTE)

    **** No section assigned to this execution region ****


    Execution Region ER_ZI (Base: 0x20000000, Size: 0x00000260, Max: 0xffffffff, ABSOLUTE)

    Base Addr    Size         Type   Attr      Idx    E Section Name        Object

    0x20000000   0x00000060   Zero   RW          160    .bss                c_w.l(libspace.o)
    0x20000060   0x00000000   Zero   RW            2    HEAP                startup_tm4c123.o
    0x20000060   0x00000200   Zero   RW            1    STACK               startup_tm4c123.o


==============================================================================

Image component sizes


      Code (inc. data)   RO Data    RW Data    ZI Data      Debug   Object Name

      2352        184          0          0          0       2219   gpio.o
       338         18          0          0          0       1264   kaypad.o
       438          0          0          0          0       6547   main.o
       276         24        620          0        512       5356   startup_tm4c123.o
       328         24          0          0          0       1314   uart.o

    ----------------------------------------------------------------------
      3736        250        636          0        512      16700   Object Totals
         0          0         16          0          0          0   (incl. Generated)
         4          0          0          0          0          0   (incl. Padding)

    ----------------------------------------------------------------------

      Code (inc. data)   RO Data    RW Data    ZI Data      Debug   Library Member Name

         8          0          0          0          0         68   __main.o
        52          8          0          0          0          0   __scatter.o
        28          0          0          0          0          0   __scatter_zi.o
        28          0          0          0          0         68   _chval.o
       158          0          0          0          0         92   _strtoul.o
        16          0          0          0          0         72   abort.o
       124         40          0          0          0         76   assert.o
        20          0          0          0          0         76   assert_puts.o
        26          0          0          0          0         80   atoi.o
        48         34          0          0          0         76   defsig_abrt_inner.o
        14          0          0          0          0         80   defsig_abrt_outer.o
        10          0          0          0          0         68   defsig_exit.o
        50          0          0          0          0         88   defsig_general.o
        12          0          0          0          0         72   exit.o
         6          0          0          0          0        152   heapauxi.o
         0          0          0          0          0          0   indicate_semi.o
        44         10        272          0          0         76   lc_ctype_c.o
         2          0          0          0          0          0   libinit.o
        20          0          0          0          0          0   libinit2.o
         2          0          0          0          0          0   libshutdown.o
         2          0          0          0          0          0   libshutdown2.o
         8          4          0          0         96         68   libspace.o
        16          4          0          0          0         76   rt_ctype_table.o
         8          4          0          0          0         68   rt_errno_addr_intlibspace.o
         8          4          0          0          0         68   rt_locale_intlibspace.o
         0          0          0          0          0          0   rtentry.o
        12          0          0          0          0          0   rtentry2.o
         6          0          0          0          0          0   rtentry4.o
         2          0          0          0          0          0   rtexit.o
        10          0          0          0          0          0   rtexit2.o
       128          0          0          0          0         68   strcmpv7m.o
       112          0          0          0          0         88   strtol.o
        12          4          0          0          0         68   sys_exit.o
        74          0          0          0          0         80   sys_stackheap_outer.o
        14          0          0          0          0         76   sys_wrch.o
         2          0          0          0          0         68   use_no_semi.o
       804         16          0          0          0        272   daddsub_clz.o
        94          4          0          0          0         92   dfix.o
       156          4          0          0          0         92   dnaninf.o
        12          0          0          0          0         68   dretinf.o
        86          4          0          0          0         84   f2d.o
       450          8          0          0          0        236   faddsub_clz.o
        38          0          0          0          0         68   fflt_clz.o
       258          4          0          0          0         84   fmul.o
       140          4          0          0          0         84   fnaninf.o
        10          0          0          0          0         68   fretinf.o
         0          0          0          0          0          0   usenofp.o

    ----------------------------------------------------------------------
      3148        156        272          0         96       3020   Library Totals
        18          0          0          0          0          0   (incl. Padding)

    ----------------------------------------------------------------------

      Code (inc. data)   RO Data    RW Data    ZI Data      Debug   Library Name

      1082        112        272          0         96       1872   c_w.l
      2048         44          0          0          0       1148   fz_ws.l

    ----------------------------------------------------------------------
      3148        156        272          0         96       3020   Library Totals

    ----------------------------------------------------------------------

==============================================================================


      Code (inc. data)   RO Data    RW Data    ZI Data      Debug   

      6884        406        908          0        608      17588   Grand Totals
      6884        406        908          0        608      17588   ELF Image Totals
      6884        406        908          0          0          0   ROM Totals

==============================================================================

    Total RO  Size (Code + RO Data)                 7792 (   7.61kB)
    Total RW  Size (RW Data + ZI Data)               608 (   0.59kB)
    Total ROM Size (Code + RO Data + RW Data)       7792 (   7.61kB)

==============================================================================

