<html>
<body>
<pre>
<h1>µVision Build Log</h1>
<h2>Project:</h2>
C:\Users\ahmed\Desktop\ahmed\Keil Apps\projects\finalProject\finalProject.uvproj
Project File Date:  05/21/2020

<h2>Output:</h2>
Build target 'Target 1'
linking...
Program Size: Code=6884 RO-data=908 RW-data=0 ZI-data=608  
".\finalProject.axf" - 0 Error(s), 0 Warning(s).
ve arg types
  void UART_Init();
C:/Users/ahmed/Desktop/ahmed/GPIO/UART.h(13): warning:  #1295-D: Deprecated declaration UART_Receive_Char - give arg types
  uint8_t UART_Receive_Char();
UART.c: 2 warnings, 0 errors
linking...
Program Size: Code=6884 RO-data=908 RW-data=0 ZI-data=608  
".\finalProject.axf" - 0 Error(s), 2 Warning(s).
ad(rows_port,ROW+rows_pos) )   // any key get pressed
KayPad.c(130): warning:  #111-D: statement is unreachable
                                break;
KayPad.c(132): warning:  #111-D: statement is unreachable
                                break;
KayPad.c(134): warning:  #111-D: statement is unreachable
                                break;
KayPad.c(136): warning:  #111-D: statement is unreachable
                                break;
KayPad.c(138): warning:  #111-D: statement is unreachable
                                break;
KayPad.c(140): warning:  #111-D: statement is unreachable
                                break;
KayPad.c(142): warning:  #111-D: statement is unreachable
                                break;
KayPad.c(144): warning:  #111-D: statement is unreachable
                                break;          
KayPad.c(146): warning:  #111-D: statement is unreachable
                                break;
KayPad.c(148): warning:  #111-D: statement is unreachable
                                break;
KayPad.c(150): warning:  #111-D: statement is unreachable
                                break;
KayPad.c(152): warning:  #111-D: statement is unreachable
                                break;
KayPad.c(154): warning:  #111-D: statement is unreachable
                                break;                  
KayPad.c(156): warning:  #111-D: statement is unreachable
                                break;
KayPad.c(158): warning:  #111-D: statement is unreachable
                                break;
KayPad.c(160): warning:  #111-D: statement is unreachable
                                break;
KayPad.c(168): warning:  #1-D: last line of file ends without a newline
        
KayPad.c: 20 warnings, 0 errors
linking...
.\finalProject.axf: Error: L6200E: Symbol keypad_get_String multiply defined (by kaypad.o and keypad.o).
.\finalProject.axf: Error: L6200E: Symbol keypad_init multiply defined (by kaypad.o and keypad.o).
.\finalProject.axf: Error: L6200E: Symbol keypad_get_char multiply defined (by kaypad.o and keypad.o).
Not enough information to list image symbols.
Not enough information to list the image map.
Finished: 2 information, 0 warning and 3 error messages.
".\finalProject.axf" - 3 Error(s), 20 Warning(s).
Target not created
